[Header]
Business_Scene=FT1
Customer_ID=KIQ
Customer_LotNo=D08J07
Date_Code=2415
Device_Code=FT1
Device_Name=LS4V44057V
FAIL_BIN=2 3 4 5
FileName=C:/AITest/Log/LS4V44057V_LS4V44057V_Yuexin_FT_testprogram_REV5_D08J07_KIQC15F001.001_FT1_NA_E3200-6237_20240421154439.stdf
Handler_ID=E3200-2447
Handler_Type=HT_NIT-ALPHAS
Item=NA
Loadboard_ID=SLB1-KIQ-001
Long_Device=NA
Lot_Type=R
Merge_LotNO=D08J07-1
Mode_Code=FT1
Mother_Fab=SMIC
Operator_ID=1
PASS_BIN=1
PID_Name=TLS4V44057V01
PIN_Count=14
PO_Number=20240407001
Package_Type=FCQFN 1.6X2X0.55 14
Program_Folder=LS4V44057V_Yuexin_FT_testprogram_REV5
Program_Name=LS4V44057V_Yuexin_FT_testprogram_REV5
Quantity=329524
Site_Alarm_Number=0
Soak_Time=0
Socket_ID="SOC-KIQ-QFN14-PNK-16-20-14L-P0.40-001;SOC-KIQ-QFN14-PNK-16-20-14L-P0.40-002"
Sub_LotNo=KIQC15F001.001
TestCode=R1
Test_Bin_No=ALL
Test_Flow=LS4V44057V_Yuexin_FT_testprogram_REV5.wxFlow
Test_Temp=25
Tester_ID=E3200-6237
Wafer_Version=U1 XRB276
Zipfile_Name=LS4V44057V_Yuexin_FT_testprogram_REV5.zip
efuse_check_flag=N
runtype=MP
wafer_Lot%20ID=D08J07
start_time=2024/04/21 15:37:33
end_time=2024/04/21 15:44:39



-------------------------------------------------------------------------------------------
[HBIN Summary]:
-------------------------------------------------------------------------------------------
    SITE,        PASS,        FAIL,        Yield,        Bin1,        Bin2,        Bin3,        
-------------------------------------------------------------------------------------------
   site0,          22,           2,    91.66667%,          22,           1,           1,
   site1,          23,           0,   100.00000%,          23,           0,           0,
AllSites,          45,           2,    95.74468%,          45,           1,           1,



-------------------------------------------------------------------------------------------
TOTAL,            PASS,              FAIL,           Yield
-------------------------------------------------------------------------------------------
47,               45,                 2,        95.74468%



-------------------------------------------------------------------------------------------
[SBIN Summary]:
-------------------------------------------------------------------------------------------
                               SBIN_NAME,                   SBIN#,       Site0,       Site1,    AllSites,
-------------------------------------------------------------------------------------------
                                    PASS,                   SBin1,          22,          23,          45,
                          code_check_sum,                  SBin20,           1,           0,           1,
                              CKCKB_TEST,                  SBin30,           1,           0,           1,
